// Jest Snapshot v1, https://goo.gl/fbAQLP

exports[`RentedCarCard Component renders correctly with given props 1`] = `
<View
  style={
    {
      "alignItems": "center",
      "backgroundColor": "#fff",
      "borderRadius": 8,
      "elevation": 5,
      "flexDirection": "row",
      "justifyContent": "center",
      "marginBottom": 10,
      "padding": 10,
      "shadowColor": "#000",
      "shadowOffset": {
        "height": 2,
        "width": 0,
      },
      "shadowOpacity": 0.3,
      "shadowRadius": 3,
    }
  }
>
  <View
    style={
      {
        "flex": 1,
      }
    }
  >
    <Text
      style={
        {
          "color": "#000",
          "fontSize": 25,
          "fontWeight": "bold",
        }
      }
    >
      Toyota Avanza
    </Text>
    <Text
      style={
        {
          "color": "#000",
          "fontSize": 18,
          "marginTop": 4,
        }
      }
    >
      Sewa dari: 
      1/1/2023
    </Text>
    <Text
      style={
        {
          "color": "#000",
          "fontSize": 18,
          "marginTop": 4,
        }
      }
    >
      Sampai: 
      7/1/2023
    </Text>
    <Text
      style={
        {
          "color": "#000",
          "fontSize": 18,
          "marginTop": 4,
        }
      }
    >
      Total harga: Rp 
      3.000.000
    </Text>
  </View>
  <Image
    source={
      {
        "uri": "https://example.com/car.jpg",
      }
    }
    style={
      {
        "borderRadius": 8,
        "height": 80,
        "resizeMode": "contain",
        "width": 80,
      }
    }
  />
</View>
`;
